[extract] RenderDoc Python API version check: 1.42
[extract] Opening capture: D:\GitRepo-My\radiance-cascades-demo\3d\tools\captures\rdoc_frame_capture.rdc
[extract] OpenFile status: <Result: 'Success'>
[extract] Capture opened OK, starting replay...
[extract] OpenCapture status: <Result: 'Success'>
[extract] Replay controller obtained.
[extract] Structured data obtained for name resolution.
[extract] Collecting GPU timing...
[tree]  eid=3 flags=0x300001 disp=0 draw=0 name='glClear(Color = <0.000000, 0.000000, 0.000000, 1.000000>, Depth = <1.000000>)' children=0
[tree]  eid=50 flags=0x100001 disp=0 draw=0 name='glClear(Color = <0.000000, 0.000000, 0.000000, 0.000000>)' children=0
[tree]  eid=54 flags=0x40 disp=0 draw=0 name='raymarch' children=2
[tree]    eid=55 flags=0x2 disp=0 draw=1 name='raymarch' children=0
[tree]    eid=56 flags=0x80 disp=0 draw=0 name='glPopDebugGroup()' children=0
[tree]  eid=82 flags=0x40 disp=0 draw=0 name='gi_blur' children=2
[tree]    eid=83 flags=0x2 disp=0 draw=1 name='gi_blur' children=0
[tree]    eid=84 flags=0x80 disp=0 draw=0 name='glPopDebugGroup()' children=0
[tree]  eid=114 flags=0x10002 disp=0 draw=1 name='glDrawElements()' children=0
[extract WARNING] Dispatch 114 unrecognized: 'glDrawElements()'
[tree]  eid=118 flags=0x100 disp=0 draw=0 name='SwapBuffers(ResourceId::1000000000000000273)' children=0
[extract] Attempting GPU performance counter fetch...
[extract] Counter 1: name='GPU Duration' unit=1
[extract] Counter 7: name='Samples Passed' unit=0
[extract] Counter 2: name='Input Vertices Read' unit=0
[extract] Counter 3: name='Input Primitives' unit=0
[extract] Counter 4: name='GS Primitives' unit=0
[extract] Counter 5: name='Rasterizer Invocations' unit=0
[extract] Counter 6: name='Rasterized Primitives' unit=0
[extract] Counter 8: name='VS Invocations' unit=0
[extract] Fetching GPU counter 1 ...
[extract] Counter unit=CounterUnit.Seconds byteWidth=8
[extract] GPU counters: 8 events timed.
[extract] Extracting: SDF Volume (Signed Distance Field)
[extract] sdfTexture depth=128 -> z_slice=64
[extract] Extracting: Albedo Volume
[extract] albedoTexture depth=128 -> z_slice=64
[extract] Extracting: C0 Probe Directional Atlas
[extract] cascade0_probeAtlas depth=32 -> z_slice=16
[extract] Extracting: C1 Probe Directional Atlas
[extract] Resource 'cascade1_probeAtlas' not found (check glObjectLabel calls)
[extract] Extracting: C0 Isotropic Probe Grid (reduction output)
[extract] cascade0_probeGrid depth=32 -> z_slice=16
[extract] Manifest written: D:\GitRepo-My\radiance-cascades-demo\3d\tools\analysis\rdoc_frame_capture_manifest.json
[extract] Done.
