[extract] RenderDoc Python API version check: 1.42
[extract] Opening capture: D:\GitRepo-My\radiance-cascades-demo\3d\tools\captures\rdoc_frame_frame401.rdc
[extract] OpenFile status: <Result: 'Success'>
[extract] Capture opened OK, starting replay...
[extract] OpenCapture status: <Result: 'Success'>
[extract] Replay controller obtained.
[extract] Structured data obtained for name resolution.
[extract] Collecting GPU timing...
[tree]  eid=3 flags=0x300001 disp=0 draw=0 name='glClear(Color = <0.000000, 0.000000, 0.000000, 1.000000>, Depth = <1.000000>)' children=0
[tree]  eid=44 flags=0x40 disp=0 draw=0 name='radiance_3d' children=2
[tree]    eid=45 flags=0x4 disp=1 draw=0 name='radiance_3d' children=0
[tree]    eid=47 flags=0x80 disp=0 draw=0 name='glPopDebugGroup()' children=0
[tree]  eid=55 flags=0x40 disp=0 draw=0 name='reduction_3d' children=2
[tree]    eid=56 flags=0x4 disp=1 draw=0 name='reduction_3d' children=0
[tree]    eid=58 flags=0x80 disp=0 draw=0 name='glPopDebugGroup()' children=0
[tree]  eid=102 flags=0x40 disp=0 draw=0 name='radiance_3d' children=2
[tree]    eid=103 flags=0x4 disp=1 draw=0 name='radiance_3d' children=0
[tree]    eid=105 flags=0x80 disp=0 draw=0 name='glPopDebugGroup()' children=0
[tree]  eid=113 flags=0x40 disp=0 draw=0 name='reduction_3d' children=2
[tree]    eid=114 flags=0x4 disp=1 draw=0 name='reduction_3d' children=0
[tree]    eid=116 flags=0x80 disp=0 draw=0 name='glPopDebugGroup()' children=0
[tree]  eid=160 flags=0x40 disp=0 draw=0 name='radiance_3d' children=2
[tree]    eid=161 flags=0x4 disp=1 draw=0 name='radiance_3d' children=0
[tree]    eid=163 flags=0x80 disp=0 draw=0 name='glPopDebugGroup()' children=0
[tree]  eid=171 flags=0x40 disp=0 draw=0 name='reduction_3d' children=2
[tree]    eid=172 flags=0x4 disp=1 draw=0 name='reduction_3d' children=0
[tree]    eid=174 flags=0x80 disp=0 draw=0 name='glPopDebugGroup()' children=0
[tree]  eid=218 flags=0x40 disp=0 draw=0 name='radiance_3d' children=2
[tree]    eid=219 flags=0x4 disp=1 draw=0 name='radiance_3d' children=0
[tree]    eid=221 flags=0x80 disp=0 draw=0 name='glPopDebugGroup()' children=0
[tree]  eid=229 flags=0x40 disp=0 draw=0 name='reduction_3d' children=2
[tree]    eid=230 flags=0x4 disp=1 draw=0 name='reduction_3d' children=0
[tree]    eid=232 flags=0x80 disp=0 draw=0 name='glPopDebugGroup()' children=0
[tree]  eid=276 flags=0x100001 disp=0 draw=0 name='glClear(Color = <0.000000, 0.000000, 0.000000, 0.000000>)' children=0
[tree]  eid=280 flags=0x40 disp=0 draw=0 name='raymarch' children=2
[tree]    eid=281 flags=0x2 disp=0 draw=1 name='raymarch' children=0
[tree]    eid=282 flags=0x80 disp=0 draw=0 name='glPopDebugGroup()' children=0
[tree]  eid=308 flags=0x40 disp=0 draw=0 name='gi_blur' children=2
[tree]    eid=309 flags=0x2 disp=0 draw=1 name='gi_blur' children=0
[tree]    eid=310 flags=0x80 disp=0 draw=0 name='glPopDebugGroup()' children=0
[tree]  eid=340 flags=0x10002 disp=0 draw=1 name='glDrawElements()' children=0
[extract WARNING] Dispatch 340 unrecognized: 'glDrawElements()'
[tree]  eid=344 flags=0x100 disp=0 draw=0 name='SwapBuffers(ResourceId::1000000000000000299)' children=0
[extract] Attempting GPU performance counter fetch...
[extract] Counter 1: name='GPU Duration' unit=1
[extract] Counter 7: name='Samples Passed' unit=0
[extract] Counter 2: name='Input Vertices Read' unit=0
[extract] Counter 3: name='Input Primitives' unit=0
[extract] Counter 4: name='GS Primitives' unit=0
[extract] Counter 5: name='Rasterizer Invocations' unit=0
[extract] Counter 6: name='Rasterized Primitives' unit=0
[extract] Counter 8: name='VS Invocations' unit=0
[extract] Fetching GPU counter 1 ...
[extract] Counter unit=CounterUnit.Seconds byteWidth=8
[extract] GPU counters: 24 events timed.
[extract] FetchCounter eid=3 us=8.19
[extract] FetchCounter eid=45 us=5271.94
[extract] FetchCounter eid=47 us=0.22
[extract] FetchCounter eid=56 us=27.20
[extract] FetchCounter eid=58 us=0.00
[extract] FetchCounter eid=103 us=6340.83
[extract] FetchCounter eid=105 us=0.35
[extract] FetchCounter eid=114 us=193.25
[extract] FetchCounter eid=116 us=0.38
[extract] FetchCounter eid=161 us=10525.41
[extract] FetchCounter eid=163 us=0.00
[extract] FetchCounter eid=172 us=198.69
[extract] FetchCounter eid=174 us=0.38
[extract] FetchCounter eid=219 us=6992.64
[extract] FetchCounter eid=221 us=1.15
[extract] FetchCounter eid=230 us=223.01
[extract] FetchCounter eid=232 us=0.64
[extract] FetchCounter eid=276 us=24.03
[extract] FetchCounter eid=281 us=5916.67
[extract] FetchCounter eid=282 us=0.26
[extract] FetchCounter eid=309 us=1724.45
[extract] FetchCounter eid=310 us=1.76
[extract] FetchCounter eid=340 us=11.94
[extract] FetchCounter eid=344 us=1.22
[extract] Cascade resources visible in capture:
[extract]   name='cascade0_probeGrid'  id=ResourceId::146
[extract]   name='cascade0_probeAtlas'  id=ResourceId::147
[extract]   name='cascade0_probeAtlasHistory'  id=ResourceId::148
[extract]   name='cascade0_probeGridHistory'  id=ResourceId::149
[extract]   name='cascade1_probeAtlas'  id=ResourceId::151
[extract]   name='cascade1_probeAtlasHistory'  id=ResourceId::152
[extract]   name='cascade1_probeGridHistory'  id=ResourceId::153
[extract]   name='cascade2_probeAtlas'  id=ResourceId::155
[extract]   name='cascade2_probeAtlasHistory'  id=ResourceId::156
[extract]   name='cascade2_probeGridHistory'  id=ResourceId::157
[extract]   name='cascade3_probeGrid'  id=ResourceId::158
[extract]   name='cascade3_probeAtlas'  id=ResourceId::159
[extract]   name='cascade3_probeAtlasHistory'  id=ResourceId::160
[extract] Extracting: SDF Volume (Signed Distance Field)
[extract] sdfTexture depth=128 -> z_slice=64
[extract] Extracting: Albedo Volume
[extract] albedoTexture depth=128 -> z_slice=64
[extract] Extracting: C0 Probe Directional Atlas
[extract] cascade0_probeAtlas depth=32 -> z_slice=16
[extract] Extracting: C1 Probe Directional Atlas
[extract] cascade1_probeAtlas depth=16 -> z_slice=8
[extract] Extracting: C0 Isotropic Probe Grid (reduction output)
[extract] cascade0_probeGrid depth=32 -> z_slice=16
[extract] Manifest written: D:\GitRepo-My\radiance-cascades-demo\3d\tools\analysis\rdoc_frame_frame401_manifest.json
[extract] Done.
